baseline (b) target = 0.85 — đây là mốc phải vượt

Loading weights:   0%|          | 0/426 [00:00<?, ?it/s]
Loading weights:   0%|          | 1/426 [00:09<1:09:01,  9.75s/it]
Loading weights:  19%|█▊        | 79/426 [00:10<00:31, 11.02it/s] 
Loading weights:  22%|██▏       | 94/426 [00:10<00:27, 11.94it/s]
Loading weights:  24%|██▍       | 103/426 [00:11<00:27, 11.68it/s]
Loading weights:  26%|██▌       | 109/426 [00:12<00:26, 12.03it/s]
Loading weights:  27%|██▋       | 114/426 [00:12<00:24, 12.92it/s]
Loading weights:  28%|██▊       | 118/426 [00:12<00:25, 12.09it/s]
Loading weights:  28%|██▊       | 121/426 [00:13<00:27, 10.93it/s]
Loading weights:  30%|███       | 128/426 [00:13<00:20, 14.36it/s]
Loading weights:  31%|███       | 132/426 [00:13<00:21, 13.92it/s]
Loading weights:  32%|███▏      | 135/426 [00:14<00:22, 13.09it/s]
Loading weights:  35%|███▍      | 147/426 [00:14<00:12, 23.01it/s]
Loading weights:  36%|███▌      | 152/426 [00:14<00:14, 18.81it/s]
Loading weights:  37%|███▋      | 157/426 [00:14<00:12, 21.05it/s]
Loading weights:  38%|███▊      | 161/426 [00:14<00:12, 20.61it/s]
Loading weights:  39%|███▉      | 167/426 [00:15<00:10, 24.97it/s]
Loading weights:  40%|████      | 171/426 [00:15<00:13, 18.98it/s]
Loading weights:  41%|████      | 174/426 [00:15<00:16, 15.30it/s]
Loading weights:  43%|████▎     | 182/426 [00:15<00:11, 22.06it/s]
Loading weights:  44%|████▎     | 186/426 [00:16<00:15, 15.87it/s]
Loading weights:  44%|████▍     | 189/426 [00:16<00:16, 14.56it/s]
Loading weights:  46%|████▌     | 196/426 [00:16<00:11, 20.27it/s]
Loading weights:  47%|████▋     | 199/426 [00:17<00:14, 15.22it/s]
Loading weights:  47%|████▋     | 202/426 [00:17<00:17, 12.74it/s]
Loading weights:  48%|████▊     | 205/426 [00:18<00:19, 11.27it/s]
Loading weights:  49%|████▉     | 210/426 [00:18<00:14, 14.76it/s]
Loading weights:  50%|█████     | 213/426 [00:18<00:14, 14.88it/s]
Loading weights:  52%|█████▏    | 220/426 [00:18<00:09, 20.98it/s]
Loading weights:  52%|█████▏    | 223/426 [00:18<00:09, 20.37it/s]
Loading weights:  53%|█████▎    | 226/426 [00:19<00:16, 11.90it/s]
Loading weights:  55%|█████▍    | 234/426 [00:19<00:09, 19.57it/s]
Loading weights:  56%|█████▌    | 238/426 [00:19<00:12, 15.24it/s]
Loading weights:  57%|█████▋    | 241/426 [00:20<00:14, 12.90it/s]
Loading weights:  58%|█████▊    | 249/426 [00:20<00:09, 19.48it/s]
Loading weights:  59%|█████▉    | 253/426 [00:20<00:10, 16.29it/s]
Loading weights:  60%|██████    | 256/426 [00:21<00:12, 13.96it/s]
Loading weights:  61%|██████    | 258/426 [00:21<00:14, 11.35it/s]
Loading weights:  62%|██████▏   | 263/426 [00:21<00:11, 14.44it/s]
Loading weights:  62%|██████▏   | 265/426 [00:21<00:11, 13.97it/s]
Loading weights:  64%|██████▍   | 273/426 [00:21<00:07, 20.80it/s]
Loading weights:  65%|██████▍   | 276/426 [00:22<00:07, 21.31it/s]
Loading weights:  65%|██████▌   | 279/426 [00:22<00:12, 11.72it/s]
Loading weights:  68%|██████▊   | 288/426 [00:22<00:06, 19.79it/s]
Loading weights:  69%|██████▊   | 292/426 [00:23<00:08, 15.87it/s]
Loading weights:  69%|██████▉   | 295/426 [00:23<00:09, 13.48it/s]
Loading weights:  71%|███████   | 302/426 [00:23<00:06, 18.41it/s]
Loading weights:  72%|███████▏  | 305/426 [00:24<00:09, 13.06it/s]
Loading weights:  72%|███████▏  | 308/426 [00:24<00:11, 10.62it/s]
Loading weights:  73%|███████▎  | 311/426 [00:25<00:12,  9.44it/s]
Loading weights:  74%|███████▍  | 316/426 [00:25<00:09, 11.99it/s]
Loading weights:  75%|███████▍  | 318/426 [00:25<00:09, 11.28it/s]
Loading weights:  77%|███████▋  | 326/426 [00:25<00:05, 17.24it/s]
Loading weights:  77%|███████▋  | 329/426 [00:25<00:05, 18.45it/s]
Loading weights:  78%|███████▊  | 332/426 [00:26<00:07, 11.88it/s]
Loading weights:  80%|████████  | 341/426 [00:26<00:04, 19.62it/s]
Loading weights:  81%|████████  | 344/426 [00:27<00:05, 15.16it/s]
Loading weights:  81%|████████▏ | 347/426 [00:27<00:06, 12.72it/s]
Loading weights:  83%|████████▎ | 355/426 [00:27<00:03, 19.42it/s]
Loading weights:  84%|████████▍ | 358/426 [00:27<00:04, 14.99it/s]
Loading weights:  85%|████████▍ | 361/426 [00:28<00:05, 12.54it/s]
Loading weights:  85%|████████▌ | 364/426 [00:28<00:05, 11.00it/s]
Loading weights:  87%|████████▋ | 369/426 [00:28<00:04, 13.88it/s]
Loading weights:  87%|████████▋ | 371/426 [00:29<00:04, 13.41it/s]
Loading weights:  89%|████████▉ | 379/426 [00:29<00:02, 20.07it/s]
Loading weights:  90%|████████▉ | 382/426 [00:29<00:02, 20.69it/s]
Loading weights:  90%|█████████ | 385/426 [00:30<00:03, 11.78it/s]
Loading weights:  92%|█████████▏| 394/426 [00:30<00:01, 19.54it/s]
Loading weights:  93%|█████████▎| 398/426 [00:30<00:01, 14.77it/s]
Loading weights:  94%|█████████▍| 401/426 [00:30<00:01, 13.52it/s]
Loading weights:  96%|█████████▌| 408/426 [00:31<00:00, 19.09it/s]
Loading weights:  96%|█████████▋| 411/426 [00:31<00:01, 14.57it/s]
Loading weights:  97%|█████████▋| 414/426 [00:31<00:00, 12.21it/s]
Loading weights:  98%|█████████▊| 417/426 [00:32<00:00, 10.78it/s]
Loading weights:  99%|█████████▉| 422/426 [00:32<00:00, 13.55it/s]
Loading weights: 100%|█████████▉| 424/426 [00:32<00:00, 14.09it/s]
Loading weights: 100%|██████████| 426/426 [00:32<00:00, 13.06it/s]
[transformers] `causal_conv1d_fn` is falling back to its reference PyTorch implementation because `causal_conv1d` is not installed. This is correct but much slower; install `causal_conv1d` for the optimized kernel.
[transformers] `chunk_gated_delta_rule` is falling back to its reference PyTorch implementation because `flash-linear-attention` is not installed. This is correct but much slower; install `flash-linear-attention` for the optimized kernel.
[transformers] `causal_conv1d_update` is falling back to its reference PyTorch implementation because `causal_conv1d` is not installed. This is correct but much slower; install `causal_conv1d` for the optimized kernel.
[transformers] `fused_recurrent_gated_delta_rule` is falling back to its reference PyTorch implementation because `flash-linear-attention` is not installed. This is correct but much slower; install `flash-linear-attention` for the optimized kernel.
  [ft/target] batch 1/13      7s elapsed  ~   83s left
  [ft/target] batch 2/13     12s elapsed  ~   67s left
  [ft/target] batch 3/13     18s elapsed  ~   60s left
  [ft/target] batch 4/13     23s elapsed  ~   52s left
  [ft/target] batch 5/13     28s elapsed  ~   45s left
  [ft/target] batch 6/13     33s elapsed  ~   39s left
  [ft/target] batch 7/13     38s elapsed  ~   33s left
  [ft/target] batch 8/13     44s elapsed  ~   27s left
  [ft/target] batch 9/13     48s elapsed  ~   22s left
  [ft/target] batch 10/13     54s elapsed  ~   16s left
  [ft/target] batch 11/13     59s elapsed  ~   11s left
  [ft/target] batch 12/13     64s elapsed  ~    5s left
  [ft/target] batch 13/13     70s elapsed  ~    0s left
  [ft/target] done: 50 prompts in 70s
  [ft/regression] batch 1/4      9s elapsed  ~   26s left
  [ft/regression] batch 2/4     19s elapsed  ~   19s left
  [ft/regression] batch 3/4     27s elapsed  ~    9s left
  [ft/regression] batch 4/4     39s elapsed  ~    0s left
  [ft/regression] done: 15 prompts in 39s
fine-tune: {'target': 0.97, 'regression': 0.7444444444444444, 'format': 1.0, 'latency_ms': 1399.545193480017, 'n': 50, 'extra': {'valid_trace_rate': 0.0}}
| run | target | regression | format | latency_ms | n |
|---|---|---|---|---|---|
| (a) base + naive prompt | 0.0 | 0.7911 | 0.0 | 3181.5 | 50 |
| (b) base + optimized prompt | 0.85 | 0.7911 | 1.0 | 1412.7 | 50 |
| (c) LoRA fine-tune | 0.97 | 0.7444 | 1.0 | 1399.5 | 50 |
FAILED
 - general capability regressed by 0.047 (tolerance 0.020). See deck §6.3 — add 1-5% replay data.

Loading weights:   0%|          | 0/426 [00:00<?, ?it/s]
Loading weights:   0%|          | 1/426 [00:09<1:05:53,  9.30s/it]
Loading weights:  18%|█▊        | 75/426 [00:09<00:32, 10.89it/s] 
Loading weights:  21%|██        | 88/426 [00:10<00:28, 11.92it/s]
Loading weights:  23%|██▎       | 96/426 [00:11<00:28, 11.40it/s]
Loading weights:  24%|██▍       | 102/426 [00:11<00:27, 11.83it/s]
Loading weights:  25%|██▍       | 106/426 [00:11<00:27, 11.83it/s]
Loading weights:  27%|██▋       | 114/426 [00:12<00:21, 14.42it/s]
Loading weights:  28%|██▊       | 118/426 [00:12<00:22, 13.62it/s]
Loading weights:  28%|██▊       | 121/426 [00:12<00:24, 12.38it/s]
Loading weights:  30%|███       | 129/426 [00:13<00:17, 17.02it/s]
Loading weights:  31%|███       | 133/426 [00:13<00:20, 14.54it/s]
Loading weights:  32%|███▏      | 136/426 [00:13<00:20, 14.46it/s]
Loading weights:  35%|███▍      | 147/426 [00:13<00:11, 24.44it/s]
Loading weights:  36%|███▌      | 152/426 [00:14<00:13, 19.62it/s]
Loading weights:  37%|███▋      | 156/426 [00:14<00:12, 21.96it/s]
Loading weights:  38%|███▊      | 160/426 [00:14<00:14, 18.79it/s]
Loading weights:  39%|███▉      | 167/426 [00:14<00:10, 25.44it/s]
Loading weights:  40%|████      | 171/426 [00:15<00:15, 16.08it/s]
Loading weights:  41%|████      | 175/426 [00:15<00:19, 12.67it/s]
Loading weights:  43%|████▎     | 182/426 [00:15<00:14, 17.41it/s]
Loading weights:  43%|████▎     | 185/426 [00:16<00:18, 13.19it/s]
Loading weights:  44%|████▍     | 188/426 [00:16<00:21, 10.86it/s]
Loading weights:  46%|████▌     | 196/426 [00:17<00:13, 16.56it/s]
Loading weights:  47%|████▋     | 199/426 [00:17<00:16, 13.70it/s]
Loading weights:  47%|████▋     | 202/426 [00:17<00:18, 12.28it/s]
Loading weights:  48%|████▊     | 205/426 [00:18<00:19, 11.56it/s]
Loading weights:  49%|████▉     | 210/426 [00:18<00:14, 15.02it/s]
Loading weights:  50%|█████     | 213/426 [00:18<00:13, 15.29it/s]
Loading weights:  52%|█████▏    | 223/426 [00:18<00:07, 25.59it/s]
Loading weights:  53%|█████▎    | 227/426 [00:19<00:13, 15.03it/s]
Loading weights:  55%|█████▌    | 235/426 [00:19<00:09, 20.99it/s]
Loading weights:  56%|█████▌    | 239/426 [00:19<00:11, 16.20it/s]
Loading weights:  57%|█████▋    | 242/426 [00:20<00:12, 14.45it/s]
Loading weights:  58%|█████▊    | 249/426 [00:20<00:08, 20.00it/s]
Loading weights:  59%|█████▉    | 252/426 [00:20<00:11, 15.73it/s]
Loading weights:  60%|█████▉    | 255/426 [00:20<00:13, 13.06it/s]
Loading weights:  61%|██████    | 258/426 [00:21<00:14, 11.77it/s]
Loading weights:  62%|██████▏   | 263/426 [00:21<00:10, 15.06it/s]
Loading weights:  62%|██████▏   | 266/426 [00:21<00:10, 15.82it/s]
Loading weights:  64%|██████▍   | 273/426 [00:21<00:07, 20.52it/s]
Loading weights:  65%|██████▍   | 276/426 [00:21<00:06, 21.69it/s]
Loading weights:  65%|██████▌   | 279/426 [00:22<00:12, 11.63it/s]
Loading weights:  68%|██████▊   | 288/426 [00:22<00:07, 19.57it/s]
Loading weights:  69%|██████▊   | 292/426 [00:23<00:08, 15.44it/s]
Loading weights:  69%|██████▉   | 295/426 [00:23<00:09, 14.37it/s]
Loading weights:  71%|███████   | 302/426 [00:23<00:06, 20.11it/s]
Loading weights:  72%|███████▏  | 305/426 [00:23<00:07, 15.43it/s]
Loading weights:  72%|███████▏  | 308/426 [00:24<00:09, 12.83it/s]
Loading weights:  73%|███████▎  | 311/426 [00:24<00:10, 11.32it/s]
Loading weights:  74%|███████▍  | 316/426 [00:24<00:07, 14.31it/s]
Loading weights:  75%|███████▍  | 318/426 [00:25<00:07, 13.62it/s]
Loading weights:  77%|███████▋  | 326/426 [00:25<00:04, 20.61it/s]
Loading weights:  77%|███████▋  | 329/426 [00:25<00:04, 20.89it/s]
Loading weights:  78%|███████▊  | 332/426 [00:26<00:07, 11.78it/s]
Loading weights:  80%|████████  | 341/426 [00:26<00:04, 19.62it/s]
Loading weights:  81%|████████  | 345/426 [00:26<00:05, 14.90it/s]
Loading weights:  82%|████████▏ | 348/426 [00:26<00:05, 13.56it/s]
Loading weights:  83%|████████▎ | 355/426 [00:27<00:03, 19.00it/s]
Loading weights:  84%|████████▍ | 358/426 [00:27<00:04, 13.87it/s]
Loading weights:  85%|████████▍ | 361/426 [00:27<00:05, 11.09it/s]
Loading weights:  85%|████████▌ | 364/426 [00:28<00:06,  9.53it/s]
Loading weights:  87%|████████▋ | 369/426 [00:28<00:04, 12.14it/s]
Loading weights:  87%|████████▋ | 371/426 [00:28<00:04, 11.51it/s]
Loading weights:  89%|████████▉ | 379/426 [00:29<00:02, 17.18it/s]
Loading weights:  90%|████████▉ | 382/426 [00:29<00:02, 17.37it/s]
Loading weights:  90%|█████████ | 384/426 [00:29<00:03, 12.21it/s]
Loading weights:  91%|█████████ | 386/426 [00:29<00:03, 11.14it/s]
Loading weights:  92%|█████████▏| 394/426 [00:30<00:01, 19.61it/s]
Loading weights:  93%|█████████▎| 397/426 [00:30<00:01, 14.91it/s]
Loading weights:  94%|█████████▍| 400/426 [00:30<00:02, 12.34it/s]
Loading weights:  96%|█████████▌| 408/426 [00:30<00:00, 19.36it/s]
Loading weights:  96%|█████████▋| 411/426 [00:31<00:01, 14.59it/s]
Loading weights:  97%|█████████▋| 414/426 [00:31<00:00, 12.19it/s]
Loading weights:  98%|█████████▊| 417/426 [00:32<00:00, 10.83it/s]
Loading weights:  99%|█████████▉| 422/426 [00:32<00:00, 13.81it/s]
Loading weights: 100%|█████████▉| 424/426 [00:32<00:00, 14.40it/s]
Loading weights: 100%|██████████| 426/426 [00:32<00:00, 13.14it/s]
Warning: You are sending unauthenticated requests to the HF Hub. Please set a HF_TOKEN to enable higher rate limits and faster downloads.
  [attn_only/target] batch 1/13      3s elapsed  ~   39s left
  [attn_only/target] batch 2/13      7s elapsed  ~   39s left
  [attn_only/target] batch 3/13     11s elapsed  ~   36s left
  [attn_only/target] batch 4/13     14s elapsed  ~   32s left
  [attn_only/target] batch 5/13     17s elapsed  ~   28s left
  [attn_only/target] batch 6/13     21s elapsed  ~   25s left
  [attn_only/target] batch 7/13     25s elapsed  ~   21s left
  [attn_only/target] batch 8/13     28s elapsed  ~   17s left
  [attn_only/target] batch 9/13     31s elapsed  ~   14s left
  [attn_only/target] batch 10/13     35s elapsed  ~   10s left
  [attn_only/target] batch 11/13     38s elapsed  ~    7s left
  [attn_only/target] batch 12/13     41s elapsed  ~    3s left
  [attn_only/target] batch 13/13     45s elapsed  ~    0s left
  [attn_only/target] done: 50 prompts in 45s
attn_only: target=0.965  format=1.000

Loading weights:   0%|          | 0/426 [00:00<?, ?it/s]
Loading weights:   0%|          | 1/426 [00:09<1:06:46,  9.43s/it]
Loading weights:  19%|█▊        | 79/426 [00:09<00:31, 11.01it/s] 
Loading weights:  21%|██        | 88/426 [00:10<00:28, 11.83it/s]
Loading weights:  22%|██▏       | 94/426 [00:10<00:28, 11.61it/s]
Loading weights:  23%|██▎       | 98/426 [00:11<00:27, 11.77it/s]
Loading weights:  24%|██▎       | 101/426 [00:11<00:28, 11.29it/s]
Loading weights:  24%|██▍       | 104/426 [00:11<00:27, 11.86it/s]
Loading weights:  25%|██▌       | 107/426 [00:11<00:25, 12.41it/s]
Loading weights:  27%|██▋       | 114/426 [00:12<00:19, 15.90it/s]
Loading weights:  27%|██▋       | 117/426 [00:12<00:18, 16.86it/s]
Loading weights:  28%|██▊       | 120/426 [00:12<00:27, 11.25it/s]
Loading weights:  30%|███       | 129/426 [00:13<00:16, 17.89it/s]
Loading weights:  31%|███       | 133/426 [00:13<00:19, 14.88it/s]
Loading weights:  32%|███▏      | 136/426 [00:13<00:19, 14.68it/s]
Loading weights:  35%|███▍      | 147/426 [00:13<00:10, 25.89it/s]
Loading weights:  36%|███▌      | 152/426 [00:14<00:13, 20.13it/s]
Loading weights:  37%|███▋      | 157/426 [00:14<00:11, 22.62it/s]
Loading weights:  38%|███▊      | 161/426 [00:14<00:12, 20.89it/s]
Loading weights:  39%|███▉      | 167/426 [00:14<00:10, 25.87it/s]
Loading weights:  40%|████      | 171/426 [00:15<00:13, 19.55it/s]
Loading weights:  41%|████      | 174/426 [00:15<00:16, 15.37it/s]
Loading weights:  43%|████▎     | 182/426 [00:15<00:11, 22.16it/s]
Loading weights:  44%|████▎     | 186/426 [00:16<00:14, 16.07it/s]
Loading weights:  44%|████▍     | 189/426 [00:16<00:16, 14.47it/s]
Loading weights:  46%|████▌     | 196/426 [00:16<00:11, 20.14it/s]
Loading weights:  47%|████▋     | 199/426 [00:16<00:14, 15.27it/s]
Loading weights:  47%|████▋     | 202/426 [00:17<00:17, 12.76it/s]
Loading weights:  48%|████▊     | 205/426 [00:17<00:18, 11.67it/s]
Loading weights:  49%|████▉     | 210/426 [00:17<00:14, 15.18it/s]
Loading weights:  50%|█████     | 213/426 [00:17<00:13, 15.39it/s]
Loading weights:  52%|█████▏    | 223/426 [00:18<00:07, 26.05it/s]
Loading weights:  53%|█████▎    | 227/426 [00:18<00:13, 15.12it/s]
Loading weights:  55%|█████▌    | 235/426 [00:18<00:09, 21.12it/s]
Loading weights:  56%|█████▌    | 239/426 [00:19<00:11, 16.02it/s]
Loading weights:  57%|█████▋    | 242/426 [00:19<00:12, 14.38it/s]
Loading weights:  58%|█████▊    | 249/426 [00:19<00:09, 19.64it/s]
Loading weights:  59%|█████▉    | 252/426 [00:20<00:11, 15.82it/s]
Loading weights:  60%|█████▉    | 255/426 [00:20<00:12, 13.20it/s]
Loading weights:  61%|██████    | 258/426 [00:20<00:14, 11.53it/s]
Loading weights:  62%|██████▏   | 263/426 [00:21<00:11, 14.06it/s]
Loading weights:  62%|██████▏   | 265/426 [00:21<00:12, 13.28it/s]
Loading weights:  64%|██████▍   | 273/426 [00:21<00:08, 18.03it/s]
Loading weights:  65%|██████▍   | 276/426 [00:21<00:07, 19.54it/s]
Loading weights:  65%|██████▌   | 279/426 [00:22<00:15,  9.57it/s]
Loading weights:  68%|██████▊   | 288/426 [00:22<00:08, 15.92it/s]
Loading weights:  68%|██████▊   | 291/426 [00:23<00:11, 11.97it/s]
Loading weights:  69%|██████▉   | 294/426 [00:23<00:12, 10.69it/s]
Loading weights:  71%|███████   | 302/426 [00:23<00:07, 16.82it/s]
Loading weights:  72%|███████▏  | 305/426 [00:24<00:08, 14.39it/s]
Loading weights:  72%|███████▏  | 308/426 [00:24<00:09, 12.60it/s]
Loading weights:  73%|███████▎  | 311/426 [00:24<00:10, 11.17it/s]
Loading weights:  74%|███████▍  | 316/426 [00:24<00:07, 14.32it/s]
Loading weights:  75%|███████▍  | 318/426 [00:25<00:08, 13.41it/s]
Loading weights:  77%|███████▋  | 326/426 [00:25<00:04, 20.72it/s]
Loading weights:  77%|███████▋  | 329/426 [00:25<00:04, 20.26it/s]
Loading weights:  78%|███████▊  | 332/426 [00:26<00:07, 12.18it/s]
Loading weights:  80%|███████▉  | 340/426 [00:26<00:04, 19.24it/s]
Loading weights:  81%|████████  | 343/426 [00:26<00:04, 18.88it/s]
Loading weights:  81%|████████  | 346/426 [00:26<00:06, 11.66it/s]
Loading weights:  83%|████████▎ | 354/426 [00:27<00:03, 19.00it/s]
Loading weights:  84%|████████▍ | 358/426 [00:27<00:04, 15.15it/s]
Loading weights:  85%|████████▍ | 361/426 [00:27<00:05, 12.71it/s]
Loading weights:  85%|████████▌ | 364/426 [00:28<00:05, 11.24it/s]
Loading weights:  86%|████████▌ | 366/426 [00:28<00:04, 12.09it/s]
Loading weights:  87%|████████▋ | 371/426 [00:28<00:04, 13.02it/s]
Loading weights:  89%|████████▉ | 379/426 [00:28<00:02, 21.00it/s]
Loading weights:  90%|████████▉ | 383/426 [00:29<00:02, 16.07it/s]
Loading weights:  91%|█████████ | 386/426 [00:29<00:03, 13.33it/s]
Loading weights:  92%|█████████▏| 394/426 [00:29<00:01, 20.02it/s]
Loading weights:  93%|█████████▎| 397/426 [00:30<00:01, 15.16it/s]
Loading weights:  94%|█████████▍| 400/426 [00:30<00:02, 12.70it/s]
Loading weights:  96%|█████████▌| 408/426 [00:30<00:00, 19.34it/s]
Loading weights:  96%|█████████▋| 411/426 [00:31<00:01, 14.73it/s]
Loading weights:  97%|█████████▋| 414/426 [00:31<00:00, 12.32it/s]
Loading weights:  98%|█████████▊| 417/426 [00:31<00:00, 10.91it/s]
Loading weights:  99%|█████████▉| 422/426 [00:32<00:00, 13.66it/s]
Loading weights: 100%|█████████▉| 424/426 [00:32<00:00, 14.19it/s]
Loading weights: 100%|██████████| 426/426 [00:32<00:00, 13.24it/s]
  [wrong_lr/target] batch 1/13     20s elapsed  ~  240s left
  [wrong_lr/target] batch 2/13     40s elapsed  ~  220s left
  [wrong_lr/target] batch 3/13     60s elapsed  ~  199s left
  [wrong_lr/target] batch 4/13     80s elapsed  ~  180s left
  [wrong_lr/target] batch 5/13     99s elapsed  ~  159s left
  [wrong_lr/target] batch 6/13    119s elapsed  ~  139s left
  [wrong_lr/target] batch 7/13    139s elapsed  ~  119s left
  [wrong_lr/target] batch 8/13    158s elapsed  ~   99s left
  [wrong_lr/target] batch 9/13    179s elapsed  ~   79s left
  [wrong_lr/target] batch 10/13    199s elapsed  ~   60s left
  [wrong_lr/target] batch 11/13    219s elapsed  ~   40s left
  [wrong_lr/target] batch 12/13    239s elapsed  ~   20s left
  [wrong_lr/target] batch 13/13    258s elapsed  ~    0s left
  [wrong_lr/target] done: 50 prompts in 258s
wrong_lr: target=0.000  format=0.000

Loading weights:   0%|          | 0/426 [00:00<?, ?it/s]
Loading weights:   0%|          | 1/426 [00:05<38:25,  5.43s/it]
Loading weights:   2%|▏         | 8/426 [00:05<03:35,  1.94it/s]
Loading weights:   3%|▎         | 12/426 [00:05<02:12,  3.13it/s]
Loading weights:   4%|▎         | 15/426 [00:06<01:46,  3.86it/s]
Loading weights:   5%|▌         | 22/426 [00:06<00:56,  7.13it/s]
Loading weights:   6%|▌         | 25/426 [00:06<00:47,  8.40it/s]
Loading weights:   7%|▋         | 28/426 [00:07<00:52,  7.57it/s]
Loading weights:   8%|▊         | 36/426 [00:07<00:29, 13.08it/s]
Loading weights:   9%|▉         | 39/426 [00:07<00:27, 14.00it/s]
Loading weights:  10%|▉         | 42/426 [00:07<00:37, 10.21it/s]
Loading weights:  11%|█         | 45/426 [00:08<00:34, 11.16it/s]
Loading weights:  11%|█         | 47/426 [00:08<00:41,  9.21it/s]
Loading weights:  12%|█▏        | 53/426 [00:08<00:29, 12.59it/s]
Loading weights:  14%|█▍        | 61/426 [00:08<00:19, 18.72it/s]
Loading weights:  15%|█▌        | 64/426 [00:09<00:19, 18.84it/s]
Loading weights:  16%|█▌        | 67/426 [00:09<00:29, 11.97it/s]
Loading weights:  18%|█▊        | 75/426 [00:09<00:19, 18.25it/s]
Loading weights:  18%|█▊        | 78/426 [00:09<00:18, 18.52it/s]
Loading weights:  19%|█▉        | 81/426 [00:10<00:28, 11.90it/s]
Loading weights:  21%|██        | 89/426 [00:10<00:18, 18.15it/s]
Loading weights:  22%|██▏       | 92/426 [00:10<00:18, 18.35it/s]
Loading weights:  22%|██▏       | 95/426 [00:11<00:29, 11.32it/s]
Loading weights:  23%|██▎       | 98/426 [00:11<00:28, 11.52it/s]
Loading weights:  23%|██▎       | 100/426 [00:12<00:37,  8.59it/s]
Loading weights:  24%|██▍       | 104/426 [00:12<00:27, 11.50it/s]
Loading weights:  25%|██▍       | 106/426 [00:12<00:29, 10.89it/s]
Loading weights:  27%|██▋       | 114/426 [00:12<00:18, 16.74it/s]
Loading weights:  27%|██▋       | 117/426 [00:13<00:18, 16.35it/s]
Loading weights:  28%|██▊       | 119/426 [00:13<00:28, 10.74it/s]
Loading weights:  28%|██▊       | 121/426 [00:13<00:28, 10.59it/s]
Loading weights:  30%|███       | 128/426 [00:13<00:17, 16.98it/s]
Loading weights:  31%|███       | 131/426 [00:14<00:16, 17.85it/s]
Loading weights:  31%|███▏      | 134/426 [00:14<00:24, 11.96it/s]
Loading weights:  34%|███▍      | 145/426 [00:14<00:11, 23.99it/s]
Loading weights:  35%|███▌      | 150/426 [00:14<00:12, 22.41it/s]
Loading weights:  36%|███▌      | 154/426 [00:15<00:16, 16.41it/s]
Loading weights:  37%|███▋      | 159/426 [00:15<00:15, 17.23it/s]
Loading weights:  39%|███▉      | 167/426 [00:15<00:11, 22.35it/s]
Loading weights:  40%|███▉      | 170/426 [00:15<00:11, 21.73it/s]
Loading weights:  41%|████      | 173/426 [00:16<00:18, 13.63it/s]
Loading weights:  42%|████▏     | 181/426 [00:16<00:12, 19.95it/s]
Loading weights:  43%|████▎     | 184/426 [00:16<00:12, 19.80it/s]
Loading weights:  44%|████▍     | 187/426 [00:17<00:18, 12.66it/s]
Loading weights:  46%|████▌     | 195/426 [00:17<00:12, 18.99it/s]
Loading weights:  46%|████▋     | 198/426 [00:17<00:11, 19.07it/s]
Loading weights:  47%|████▋     | 201/426 [00:18<00:18, 12.21it/s]
Loading weights:  48%|████▊     | 204/426 [00:18<00:17, 12.97it/s]
Loading weights:  48%|████▊     | 206/426 [00:18<00:21, 10.42it/s]
Loading weights:  50%|████▉     | 212/426 [00:19<00:15, 14.04it/s]
Loading weights:  52%|█████▏    | 221/426 [00:19<00:09, 21.64it/s]
Loading weights:  53%|█████▎    | 224/426 [00:19<00:10, 18.41it/s]
Loading weights:  53%|█████▎    | 227/426 [00:19<00:13, 14.26it/s]
Loading weights:  55%|█████▍    | 234/426 [00:20<00:09, 19.75it/s]
Loading weights:  56%|█████▌    | 237/426 [00:20<00:09, 19.70it/s]
Loading weights:  56%|█████▋    | 240/426 [00:20<00:15, 11.65it/s]
Loading weights:  58%|█████▊    | 248/426 [00:20<00:10, 17.68it/s]
Loading weights:  59%|█████▉    | 251/426 [00:21<00:09, 17.78it/s]
Loading weights:  60%|█████▉    | 254/426 [00:21<00:15, 11.36it/s]
Loading weights:  60%|██████    | 257/426 [00:22<00:15, 11.26it/s]
Loading weights:  61%|██████    | 259/426 [00:22<00:18,  8.99it/s]
Loading weights:  62%|██████▏   | 263/426 [00:22<00:13, 12.20it/s]
Loading weights:  62%|██████▏   | 266/426 [00:22<00:11, 13.97it/s]
Loading weights:  64%|██████▍   | 273/426 [00:22<00:07, 20.96it/s]
Loading weights:  65%|██████▍   | 276/426 [00:23<00:07, 20.44it/s]
Loading weights:  65%|██████▌   | 279/426 [00:23<00:11, 12.63it/s]
Loading weights:  67%|██████▋   | 287/426 [00:23<00:07, 18.58it/s]
Loading weights:  68%|██████▊   | 290/426 [00:23<00:07, 17.35it/s]
Loading weights:  69%|██████▉   | 293/426 [00:24<00:13,  9.70it/s]
Loading weights:  71%|███████   | 301/426 [00:24<00:08, 14.67it/s]
Loading weights:  71%|███████▏  | 304/426 [00:25<00:08, 14.67it/s]
Loading weights:  72%|███████▏  | 307/426 [00:25<00:12,  9.22it/s]
Loading weights:  73%|███████▎  | 310/426 [00:26<00:11, 10.14it/s]
Loading weights:  73%|███████▎  | 312/426 [00:26<00:12,  8.95it/s]
Loading weights:  75%|███████▍  | 318/426 [00:26<00:08, 12.44it/s]
Loading weights:  77%|███████▋  | 326/426 [00:26<00:05, 18.59it/s]
Loading weights:  77%|███████▋  | 329/426 [00:27<00:05, 18.78it/s]
Loading weights:  78%|███████▊  | 332/426 [00:27<00:07, 12.15it/s]
Loading weights:  80%|███████▉  | 340/426 [00:27<00:04, 18.44it/s]
Loading weights:  81%|████████  | 343/426 [00:27<00:04, 18.62it/s]
Loading weights:  81%|████████  | 346/426 [00:28<00:06, 11.85it/s]
Loading weights:  83%|████████▎ | 354/426 [00:28<00:03, 18.09it/s]
Loading weights:  84%|████████▍ | 357/426 [00:28<00:03, 18.29it/s]
Loading weights:  85%|████████▍ | 360/426 [00:29<00:05, 11.83it/s]
Loading weights:  85%|████████▌ | 363/426 [00:29<00:04, 12.68it/s]
Loading weights:  86%|████████▌ | 365/426 [00:29<00:06, 10.11it/s]
Loading weights:  87%|████████▋ | 371/426 [00:30<00:04, 13.34it/s]
Loading weights:  89%|████████▉ | 379/426 [00:30<00:02, 19.46it/s]
Loading weights:  90%|████████▉ | 382/426 [00:30<00:02, 19.48it/s]
Loading weights:  90%|█████████ | 385/426 [00:31<00:03, 12.29it/s]
Loading weights:  92%|█████████▏| 393/426 [00:31<00:01, 18.59it/s]
Loading weights:  93%|█████████▎| 396/426 [00:31<00:01, 18.73it/s]
Loading weights:  94%|█████████▎| 399/426 [00:32<00:02, 11.82it/s]
Loading weights:  96%|█████████▌| 407/426 [00:32<00:01, 18.02it/s]
Loading weights:  96%|█████████▌| 410/426 [00:32<00:00, 18.23it/s]
Loading weights:  97%|█████████▋| 413/426 [00:32<00:01, 11.64it/s]
Loading weights:  98%|█████████▊| 416/426 [00:33<00:00, 12.37it/s]
Loading weights:  98%|█████████▊| 418/426 [00:33<00:00,  9.90it/s]
Loading weights: 100%|█████████▉| 424/426 [00:33<00:00, 13.23it/s]
Loading weights: 100%|██████████| 426/426 [00:33<00:00, 12.61it/s]
  [qlora/target] batch 1/13      7s elapsed  ~   90s left
  [qlora/target] batch 2/13     15s elapsed  ~   80s left
  [qlora/target] batch 3/13     21s elapsed  ~   71s left
  [qlora/target] batch 4/13     29s elapsed  ~   64s left
  [qlora/target] batch 5/13     35s elapsed  ~   56s left
  [qlora/target] batch 6/13     42s elapsed  ~   49s left
  [qlora/target] batch 7/13     48s elapsed  ~   41s left
  [qlora/target] batch 8/13     55s elapsed  ~   34s left
  [qlora/target] batch 9/13     62s elapsed  ~   27s left
  [qlora/target] batch 10/13     69s elapsed  ~   21s left
  [qlora/target] batch 11/13     75s elapsed  ~   14s left
  [qlora/target] batch 12/13     82s elapsed  ~    7s left
  [qlora/target] batch 13/13     89s elapsed  ~    0s left
  [qlora/target] done: 50 prompts in 89s
qlora: target=0.940  format=1.000

| run | target | format | latency_ms | n |
|---|---|---|---|---|
| correct | 0.97 | 1.0 | 1399.5 | 50 |
| attn_only | 0.965 | 1.0 | 899.4 | 50 |
| wrong_lr | 0.0 | 0.0 | 5163.9 | 50 |
| qlora | 0.94 | 1.0 | 1785.1 | 50 |
--- 3 ca TỆ NHẤT (bắt buộc đưa vào report) ---
| i | ticket | ft_score | ft_pred |
|---|---|---|---|
| 3 | Cho mình hỏi, mình đặt bình giữ nhiệt mã đơn VN804124. Chưa thấy tiền. | 0.75 | {"intent": "hoan_tien", "urgency": "trung_binh", "product": "bình giữ nhiệt", "sentiment": |
| 5 | Shop ơi, mình đặt nồi chiên không dầu mã đơn DH249548. Thiếu phụ kiện. | 0.75 | {"intent": "san_pham_loi", "urgency": "trung_binh", "product": "nồi chiên không dầu", "sen |
| 12 | Shop ơi, mình đặt áo khoác gió mã đơn VN613097. Bị lỗi. Khi nào tiện.  | 0.75 | {"intent": "san_pham_loi", "urgency": "trung_binh", "product": "áo khoác gió", "sentiment" |

--- 3 ca TỐT NHẤT ---
| i | ticket | ft_score | ft_pred |
|---|---|---|---|
| 47 | Cho mình hỏi, mình đặt ốp lưng điện thoại mã đơn DH936478. Shipper khô | 1.0 | {"intent": "van_chuyen", "urgency": "thap", "product": "ốp lưng điện thoại", "sentiment":  |
| 48 | Alo shop, mình đặt ốp lưng điện thoại mã đơn DH734695. Giá bao nhiêu.  | 1.0 | {"intent": "hoi_thong_tin", "urgency": "trung_binh", "product": "ốp lưng điện thoại", "sen |
| 49 | Chào shop, mình đặt ốp lưng điện thoại mã đơn VN833689. Sai màu. Sớm n | 1.0 | {"intent": "san_pham_loi", "urgency": "trung_binh", "product": "ốp lưng điện thoại", "sent |
